---
source: src/ui/runtime/tests.rs
assertion_line: 69
expression: view
---
" File search >   Indexed attributes: 3 • Indexed Files: 3  Tags   Files   Logs  "
"   Path             Tags        Score              󰍉 Matching files             "
"  ────────────────────────────────────────────────────────────────────────────  "
" ▶  README.md      *.md        0                                               "
"    src/lib.rs     *.rs, src   0                                               "
"    src/main.rs    *.rs, src   0                                               "
"                                                                                "
"                                                                                "
"                                                                                "
"                                                                                "
"                                                                                "
"                                                                                "
"                                                                                "
"                                                                                "
"                                                                                "
"                                                                                "
"                                                                                "
"                                                                                "
"                                                                                "
"                                                                                "
